Archive member included to satisfy reference by file (symbol)

/usr/lib/gcc/avr/14.2.0/avr5/libgcc.a(_udivmodhi4.o)
                              adc.o (__udivmodhi4)
/usr/lib/gcc/avr/14.2.0/avr5/libgcc.a(_exit.o)
                              /usr/lib/gcc/avr/14.2.0/../../../../avr/lib/avr5/crtatmega328p.o (exit)
/usr/lib/gcc/avr/14.2.0/avr5/libgcc.a(_clear_bss.o)
                              main.o (__do_clear_bss)
/usr/lib/gcc/avr/14.2.0/../../../../avr/lib/avr5/libm.a(floatsisf.o)
                              adc.o (__floatunsisf)
/usr/lib/gcc/avr/14.2.0/../../../../avr/lib/avr5/libc.a(dtostrf.o)
                              adc.o (dtostrf)
/usr/lib/gcc/avr/14.2.0/../../../../avr/lib/avr5/libc.a(dtoa_prf.o)
                              /usr/lib/gcc/avr/14.2.0/../../../../avr/lib/avr5/libc.a(dtostrf.o) (dtoa_prf)
/usr/lib/gcc/avr/14.2.0/../../../../avr/lib/avr5/libc.a(ftoa_engine.o)
                              /usr/lib/gcc/avr/14.2.0/../../../../avr/lib/avr5/libc.a(dtoa_prf.o) (__ftoa_engine)
/usr/lib/gcc/avr/14.2.0/../../../../avr/lib/avr5/libc.a(memset.o)
                              /usr/lib/gcc/avr/14.2.0/../../../../avr/lib/avr5/libc.a(dtoa_prf.o) (memset)
/usr/lib/gcc/avr/14.2.0/avr5/libgcc.a(_prologue.o)
                              /usr/lib/gcc/avr/14.2.0/../../../../avr/lib/avr5/libc.a(dtoa_prf.o) (__prologue_saves__)
/usr/lib/gcc/avr/14.2.0/avr5/libgcc.a(_epilogue.o)
                              /usr/lib/gcc/avr/14.2.0/../../../../avr/lib/avr5/libc.a(dtoa_prf.o) (__epilogue_restores__)

Discarded input sections

 .data          0x00000000        0x0 /usr/lib/gcc/avr/14.2.0/../../../../avr/lib/avr5/crtatmega328p.o
 .bss           0x00000000        0x0 /usr/lib/gcc/avr/14.2.0/../../../../avr/lib/avr5/crtatmega328p.o
 .text          0x00000000        0x0 adc.o
 .data          0x00000000        0x0 adc.o
 .bss           0x00000000        0x0 adc.o
 .text          0x00000000        0x0 main.o
 .data          0x00000000        0x0 main.o
 .bss           0x00000000        0x0 main.o
 .text          0x00000000        0x0 usart.o
 .data          0x00000000        0x0 usart.o
 .bss           0x00000000        0x0 usart.o
 .text.usart_recive
                0x00000000        0xe usart.o
 .text          0x00000000        0x0 /usr/lib/gcc/avr/14.2.0/avr5/libgcc.a(_udivmodhi4.o)
 .data          0x00000000        0x0 /usr/lib/gcc/avr/14.2.0/avr5/libgcc.a(_udivmodhi4.o)
 .bss           0x00000000        0x0 /usr/lib/gcc/avr/14.2.0/avr5/libgcc.a(_udivmodhi4.o)
 .text.libgcc.mul
                0x00000000        0x0 /usr/lib/gcc/avr/14.2.0/avr5/libgcc.a(_udivmodhi4.o)
 .text.libgcc   0x00000000        0x0 /usr/lib/gcc/avr/14.2.0/avr5/libgcc.a(_udivmodhi4.o)
 .text.libgcc.prologue
                0x00000000        0x0 /usr/lib/gcc/avr/14.2.0/avr5/libgcc.a(_udivmodhi4.o)
 .text.libgcc.builtins
                0x00000000        0x0 /usr/lib/gcc/avr/14.2.0/avr5/libgcc.a(_udivmodhi4.o)
 .text.libgcc.fmul
                0x00000000        0x0 /usr/lib/gcc/avr/14.2.0/avr5/libgcc.a(_udivmodhi4.o)
 .text.libgcc.fixed
                0x00000000        0x0 /usr/lib/gcc/avr/14.2.0/avr5/libgcc.a(_udivmodhi4.o)
 .text          0x00000000        0x0 /usr/lib/gcc/avr/14.2.0/avr5/libgcc.a(_exit.o)
 .data          0x00000000        0x0 /usr/lib/gcc/avr/14.2.0/avr5/libgcc.a(_exit.o)
 .bss           0x00000000        0x0 /usr/lib/gcc/avr/14.2.0/avr5/libgcc.a(_exit.o)
 .text.libgcc.mul
                0x00000000        0x0 /usr/lib/gcc/avr/14.2.0/avr5/libgcc.a(_exit.o)
 .text.libgcc.div
                0x00000000        0x0 /usr/lib/gcc/avr/14.2.0/avr5/libgcc.a(_exit.o)
 .text.libgcc   0x00000000        0x0 /usr/lib/gcc/avr/14.2.0/avr5/libgcc.a(_exit.o)
 .text.libgcc.prologue
                0x00000000        0x0 /usr/lib/gcc/avr/14.2.0/avr5/libgcc.a(_exit.o)
 .text.libgcc.builtins
                0x00000000        0x0 /usr/lib/gcc/avr/14.2.0/avr5/libgcc.a(_exit.o)
 .text.libgcc.fmul
                0x00000000        0x0 /usr/lib/gcc/avr/14.2.0/avr5/libgcc.a(_exit.o)
 .text.libgcc.fixed
                0x00000000        0x0 /usr/lib/gcc/avr/14.2.0/avr5/libgcc.a(_exit.o)
 .text          0x00000000        0x0 /usr/lib/gcc/avr/14.2.0/avr5/libgcc.a(_clear_bss.o)
 .data          0x00000000        0x0 /usr/lib/gcc/avr/14.2.0/avr5/libgcc.a(_clear_bss.o)
 .bss           0x00000000        0x0 /usr/lib/gcc/avr/14.2.0/avr5/libgcc.a(_clear_bss.o)
 .text.libgcc.mul
                0x00000000        0x0 /usr/lib/gcc/avr/14.2.0/avr5/libgcc.a(_clear_bss.o)
 .text.libgcc.div
                0x00000000        0x0 /usr/lib/gcc/avr/14.2.0/avr5/libgcc.a(_clear_bss.o)
 .text.libgcc   0x00000000        0x0 /usr/lib/gcc/avr/14.2.0/avr5/libgcc.a(_clear_bss.o)
 .text.libgcc.prologue
                0x00000000        0x0 /usr/lib/gcc/avr/14.2.0/avr5/libgcc.a(_clear_bss.o)
 .text.libgcc.builtins
                0x00000000        0x0 /usr/lib/gcc/avr/14.2.0/avr5/libgcc.a(_clear_bss.o)
 .text.libgcc.fmul
                0x00000000        0x0 /usr/lib/gcc/avr/14.2.0/avr5/libgcc.a(_clear_bss.o)
 .text.libgcc.fixed
                0x00000000        0x0 /usr/lib/gcc/avr/14.2.0/avr5/libgcc.a(_clear_bss.o)
 .text          0x00000000        0x0 /usr/lib/gcc/avr/14.2.0/../../../../avr/lib/avr5/libm.a(floatsisf.o)
 .data          0x00000000        0x0 /usr/lib/gcc/avr/14.2.0/../../../../avr/lib/avr5/libm.a(floatsisf.o)
 .bss           0x00000000        0x0 /usr/lib/gcc/avr/14.2.0/../../../../avr/lib/avr5/libm.a(floatsisf.o)
 .text          0x00000000        0x0 /usr/lib/gcc/avr/14.2.0/../../../../avr/lib/avr5/libc.a(dtostrf.o)
 .data          0x00000000        0x0 /usr/lib/gcc/avr/14.2.0/../../../../avr/lib/avr5/libc.a(dtostrf.o)
 .bss           0x00000000        0x0 /usr/lib/gcc/avr/14.2.0/../../../../avr/lib/avr5/libc.a(dtostrf.o)
 .text          0x00000000        0x0 /usr/lib/gcc/avr/14.2.0/../../../../avr/lib/avr5/libc.a(dtoa_prf.o)
 .data          0x00000000        0x0 /usr/lib/gcc/avr/14.2.0/../../../../avr/lib/avr5/libc.a(dtoa_prf.o)
 .bss           0x00000000        0x0 /usr/lib/gcc/avr/14.2.0/../../../../avr/lib/avr5/libc.a(dtoa_prf.o)
 .text          0x00000000        0x0 /usr/lib/gcc/avr/14.2.0/../../../../avr/lib/avr5/libc.a(ftoa_engine.o)
 .data          0x00000000        0x0 /usr/lib/gcc/avr/14.2.0/../../../../avr/lib/avr5/libc.a(ftoa_engine.o)
 .bss           0x00000000        0x0 /usr/lib/gcc/avr/14.2.0/../../../../avr/lib/avr5/libc.a(ftoa_engine.o)
 .text          0x00000000        0x0 /usr/lib/gcc/avr/14.2.0/../../../../avr/lib/avr5/libc.a(memset.o)
 .data          0x00000000        0x0 /usr/lib/gcc/avr/14.2.0/../../../../avr/lib/avr5/libc.a(memset.o)
 .bss           0x00000000        0x0 /usr/lib/gcc/avr/14.2.0/../../../../avr/lib/avr5/libc.a(memset.o)
 .text          0x00000000        0x0 /usr/lib/gcc/avr/14.2.0/avr5/libgcc.a(_prologue.o)
 .data          0x00000000        0x0 /usr/lib/gcc/avr/14.2.0/avr5/libgcc.a(_prologue.o)
 .bss           0x00000000        0x0 /usr/lib/gcc/avr/14.2.0/avr5/libgcc.a(_prologue.o)
 .text.libgcc.mul
                0x00000000        0x0 /usr/lib/gcc/avr/14.2.0/avr5/libgcc.a(_prologue.o)
 .text.libgcc.div
                0x00000000        0x0 /usr/lib/gcc/avr/14.2.0/avr5/libgcc.a(_prologue.o)
 .text.libgcc   0x00000000        0x0 /usr/lib/gcc/avr/14.2.0/avr5/libgcc.a(_prologue.o)
 .text.libgcc.builtins
                0x00000000        0x0 /usr/lib/gcc/avr/14.2.0/avr5/libgcc.a(_prologue.o)
 .text.libgcc.fmul
                0x00000000        0x0 /usr/lib/gcc/avr/14.2.0/avr5/libgcc.a(_prologue.o)
 .text.libgcc.fixed
                0x00000000        0x0 /usr/lib/gcc/avr/14.2.0/avr5/libgcc.a(_prologue.o)
 .text          0x00000000        0x0 /usr/lib/gcc/avr/14.2.0/avr5/libgcc.a(_epilogue.o)
 .data          0x00000000        0x0 /usr/lib/gcc/avr/14.2.0/avr5/libgcc.a(_epilogue.o)
 .bss           0x00000000        0x0 /usr/lib/gcc/avr/14.2.0/avr5/libgcc.a(_epilogue.o)
 .text.libgcc.mul
                0x00000000        0x0 /usr/lib/gcc/avr/14.2.0/avr5/libgcc.a(_epilogue.o)
 .text.libgcc.div
                0x00000000        0x0 /usr/lib/gcc/avr/14.2.0/avr5/libgcc.a(_epilogue.o)
 .text.libgcc   0x00000000        0x0 /usr/lib/gcc/avr/14.2.0/avr5/libgcc.a(_epilogue.o)
 .text.libgcc.builtins
                0x00000000        0x0 /usr/lib/gcc/avr/14.2.0/avr5/libgcc.a(_epilogue.o)
 .text.libgcc.fmul
                0x00000000        0x0 /usr/lib/gcc/avr/14.2.0/avr5/libgcc.a(_epilogue.o)
 .text.libgcc.fixed
                0x00000000        0x0 /usr/lib/gcc/avr/14.2.0/avr5/libgcc.a(_epilogue.o)

Memory Configuration

Name             Origin             Length             Attributes
text             0x00000000         0x00008000         xr
data             0x00800100         0x00000800         rw!x
eeprom           0x00810000         0x00000400         rw!x
fuse             0x00820000         0x00000003         rw!x
lock             0x00830000         0x00000400         rw!x
signature        0x00840000         0x00000400         rw!x
user_signatures  0x00850000         0x00000400         rw!x
*default*        0x00000000         0xffffffff

Linker script and memory map

Address of section .data set to 0x800100
LOAD /usr/lib/gcc/avr/14.2.0/../../../../avr/lib/avr5/crtatmega328p.o
LOAD adc.o
LOAD main.o
LOAD usart.o
START GROUP
LOAD /usr/lib/gcc/avr/14.2.0/avr5/libgcc.a
LOAD /usr/lib/gcc/avr/14.2.0/../../../../avr/lib/avr5/libm.a
LOAD /usr/lib/gcc/avr/14.2.0/../../../../avr/lib/avr5/libc.a
LOAD /usr/lib/gcc/avr/14.2.0/../../../../avr/lib/avr5/libatmega328p.a
END GROUP
                0x00000000                        __TEXT_REGION_ORIGIN__ = DEFINED (__TEXT_REGION_ORIGIN__)?__TEXT_REGION_ORIGIN__:0x0
                [0x00008000]                      __TEXT_REGION_LENGTH__ = DEFINED (__TEXT_REGION_LENGTH__)?__TEXT_REGION_LENGTH__:0x20000
                [0x00800100]                      __DATA_REGION_ORIGIN__ = DEFINED (__DATA_REGION_ORIGIN__)?__DATA_REGION_ORIGIN__:0x800060
                [0x00000800]                      __DATA_REGION_LENGTH__ = DEFINED (__DATA_REGION_LENGTH__)?__DATA_REGION_LENGTH__:0xffa0
                [0x00000400]                      __EEPROM_REGION_LENGTH__ = DEFINED (__EEPROM_REGION_LENGTH__)?__EEPROM_REGION_LENGTH__:0x10000
                [0x00000003]                      __FUSE_REGION_LENGTH__ = DEFINED (__FUSE_REGION_LENGTH__)?__FUSE_REGION_LENGTH__:0x400
                0x00000400                        __LOCK_REGION_LENGTH__ = DEFINED (__LOCK_REGION_LENGTH__)?__LOCK_REGION_LENGTH__:0x400
                0x00000400                        __SIGNATURE_REGION_LENGTH__ = DEFINED (__SIGNATURE_REGION_LENGTH__)?__SIGNATURE_REGION_LENGTH__:0x400
                0x00000400                        __USER_SIGNATURE_REGION_LENGTH__ = DEFINED (__USER_SIGNATURE_REGION_LENGTH__)?__USER_SIGNATURE_REGION_LENGTH__:0x400

.hash
 *(.hash)

.dynsym
 *(.dynsym)

.dynstr
 *(.dynstr)

.gnu.version
 *(.gnu.version)

.gnu.version_d
 *(.gnu.version_d)

.gnu.version_r
 *(.gnu.version_r)

.rel.init
 *(.rel.init)

.rela.init
 *(.rela.init)

.rel.text
 *(.rel.text)
 *(.rel.text.*)
 *(.rel.gnu.linkonce.t*)

.rela.text
 *(.rela.text)
 *(.rela.text.*)
 *(.rela.gnu.linkonce.t*)

.rel.fini
 *(.rel.fini)

.rela.fini
 *(.rela.fini)

.rel.rodata
 *(.rel.rodata)
 *(.rel.rodata.*)
 *(.rel.gnu.linkonce.r*)

.rela.rodata
 *(.rela.rodata)
 *(.rela.rodata.*)
 *(.rela.gnu.linkonce.r*)

.rel.data
 *(.rel.data)
 *(.rel.data.*)
 *(.rel.gnu.linkonce.d*)

.rela.data
 *(.rela.data)
 *(.rela.data.*)
 *(.rela.gnu.linkonce.d*)

.rel.ctors
 *(.rel.ctors)

.rela.ctors
 *(.rela.ctors)

.rel.dtors
 *(.rel.dtors)

.rela.dtors
 *(.rela.dtors)

.rel.got
 *(.rel.got)

.rela.got
 *(.rela.got)

.rel.bss
 *(.rel.bss)

.rela.bss
 *(.rela.bss)

.rel.plt
 *(.rel.plt)

.rela.plt
 *(.rela.plt)

.text           0x00000000      0x934
 *(.vectors)
 .vectors       0x00000000       0x68 /usr/lib/gcc/avr/14.2.0/../../../../avr/lib/avr5/crtatmega328p.o
                0x00000000                __vectors
                0x00000000                __vector_default
 *(.vectors)
 *(.progmem.gcc*)
                0x00000068                        . = ALIGN (0x2)
                0x00000068                        __trampolines_start = .
 *(.trampolines)
 .trampolines   0x00000068        0x0 linker stubs
 *(.trampolines*)
                0x00000068                        __trampolines_end = .
 *libprintf_flt.a:*(.progmem.data)
 *libc.a:*(.progmem.data)
 .progmem.data  0x00000068       0xfa /usr/lib/gcc/avr/14.2.0/../../../../avr/lib/avr5/libc.a(ftoa_engine.o)
 *(.progmem.*)
                0x00000162                        . = ALIGN (0x2)
 *(.lowtext)
 *(.lowtext*)
                0x00000162                        __ctors_start = .
 *(.ctors)
                0x00000162                        __ctors_end = .
                0x00000162                        __dtors_start = .
 *(.dtors)
                0x00000162                        __dtors_end = .
 SORT_BY_NAME(*)(.ctors)
 SORT_BY_NAME(*)(.dtors)
 *(.init0)
 .init0         0x00000162        0x0 /usr/lib/gcc/avr/14.2.0/../../../../avr/lib/avr5/crtatmega328p.o
                0x00000162                __init
 *(.init0)
 *(.init1)
 *(.init1)
 *(.init2)
 .init2         0x00000162        0xc /usr/lib/gcc/avr/14.2.0/../../../../avr/lib/avr5/crtatmega328p.o
 *(.init2)
 *(.init3)
 *(.init3)
 *(.init4)
 .init4         0x0000016e       0x10 /usr/lib/gcc/avr/14.2.0/avr5/libgcc.a(_clear_bss.o)
                0x0000016e                __do_clear_bss
 *(.init4)
 *(.init5)
 *(.init5)
 *(.init6)
 *(.init6)
 *(.init7)
 *(.init7)
 *(.init8)
 *(.init8)
 *(.init9)
 .init9         0x0000017e        0x8 /usr/lib/gcc/avr/14.2.0/../../../../avr/lib/avr5/crtatmega328p.o
 *(.init9)
 *(.text)
 .text          0x00000186        0x4 /usr/lib/gcc/avr/14.2.0/../../../../avr/lib/avr5/crtatmega328p.o
                0x00000186                __vector_22
                0x00000186                __vector_1
                0x00000186                __vector_24
                0x00000186                __vector_12
                0x00000186                __bad_interrupt
                0x00000186                __vector_6
                0x00000186                __vector_3
                0x00000186                __vector_23
                0x00000186                __vector_25
                0x00000186                __vector_11
                0x00000186                __vector_13
                0x00000186                __vector_17
                0x00000186                __vector_19
                0x00000186                __vector_7
                0x00000186                __vector_5
                0x00000186                __vector_4
                0x00000186                __vector_9
                0x00000186                __vector_2
                0x00000186                __vector_15
                0x00000186                __vector_8
                0x00000186                __vector_14
                0x00000186                __vector_10
                0x00000186                __vector_16
                0x00000186                __vector_20
                0x0000018a                        . = ALIGN (0x2)
 *(.text.*)
 .text.__vector_21
                0x0000018a       0xd6 adc.o
                0x0000018a                __vector_21
 .text.ADC_WithInterrupt
                0x00000260       0x2e adc.o
                0x00000260                ADC_WithInterrupt
 .text.startup.main
                0x0000028e       0x30 main.o
                0x0000028e                main
 .text.usart_transmit
                0x000002be        0xe usart.o
                0x000002be                usart_transmit
 .text.__vector_18
                0x000002cc       0x5e usart.o
                0x000002cc                __vector_18
 .text.usart_transmit_string
                0x0000032a       0x2c usart.o
                0x0000032a                usart_transmit_string
 .text.init_usart
                0x00000356       0x2e usart.o
                0x00000356                init_usart
 .text.libgcc.div
                0x00000384       0x28 /usr/lib/gcc/avr/14.2.0/avr5/libgcc.a(_udivmodhi4.o)
                0x00000384                __udivmodhi4
 .text.avr-libc.fplib
                0x000003ac       0x7a /usr/lib/gcc/avr/14.2.0/../../../../avr/lib/avr5/libm.a(floatsisf.o)
                0x000003ac                __floatunsisf
                0x000003b0                __floatsisf
 .text.avr-libc
                0x00000426       0x42 /usr/lib/gcc/avr/14.2.0/../../../../avr/lib/avr5/libc.a(dtostrf.o)
                0x00000426                dtostrf
 .text.avr-libc
                0x00000468      0x29c /usr/lib/gcc/avr/14.2.0/../../../../avr/lib/avr5/libc.a(dtoa_prf.o)
                0x00000468                dtoa_prf
 .text.avr-libc
                0x00000704      0x1b0 /usr/lib/gcc/avr/14.2.0/../../../../avr/lib/avr5/libc.a(ftoa_engine.o)
                0x00000704                __ftoa_engine
 .text.avr-libc
                0x000008b4        0xe /usr/lib/gcc/avr/14.2.0/../../../../avr/lib/avr5/libc.a(memset.o)
                0x000008b4                memset
 .text.libgcc.prologue
                0x000008c2       0x38 /usr/lib/gcc/avr/14.2.0/avr5/libgcc.a(_prologue.o)
                0x000008c2                __prologue_saves__
 .text.libgcc.prologue
                0x000008fa       0x36 /usr/lib/gcc/avr/14.2.0/avr5/libgcc.a(_epilogue.o)
                0x000008fa                __epilogue_restores__
                0x00000930                        . = ALIGN (0x2)
 *(.fini9)
 .fini9         0x00000930        0x0 /usr/lib/gcc/avr/14.2.0/avr5/libgcc.a(_exit.o)
                0x00000930                exit
                0x00000930                _exit
 *(.fini9)
 *(.fini8)
 *(.fini8)
 *(.fini7)
 *(.fini7)
 *(.fini6)
 *(.fini6)
 *(.fini5)
 *(.fini5)
 *(.fini4)
 *(.fini4)
 *(.fini3)
 *(.fini3)
 *(.fini2)
 *(.fini2)
 *(.fini1)
 *(.fini1)
 *(.fini0)
 .fini0         0x00000930        0x4 /usr/lib/gcc/avr/14.2.0/avr5/libgcc.a(_exit.o)
 *(.fini0)
 *(.hightext)
 *(.hightext*)
 *(.progmemx.*)
                0x00000934                        . = ALIGN (0x2)
 *(.jumptables)
 *(.jumptables*)
                0x00000934                        _etext = .

.data           0x00800100        0x0 load address 0x00000934
                [!provide]                        PROVIDE (__data_start = .)
 *(.data)
 *(.data*)
 *(.gnu.linkonce.d*)
 *(.rodata)
 *(.rodata*)
 *(.gnu.linkonce.r*)
                0x00800100                        . = ALIGN (0x2)
                0x00800100                        _edata = .
                [!provide]                        PROVIDE (__data_end = .)

.bss            0x00800100        0x1
                0x00800100                        PROVIDE (__bss_start = .)
 *(.bss)
 *(.bss*)
 .bss.usart_recived_char
                0x00800100        0x1 main.o
                0x00800100                usart_recived_char
 *(COMMON)
                0x00800101                        PROVIDE (__bss_end = .)
                0x00000934                        __data_load_start = LOADADDR (.data)
                0x00000934                        __data_load_end = (__data_load_start + SIZEOF (.data))

.noinit         0x00800101        0x0
                [!provide]                        PROVIDE (__noinit_start = .)
 *(.noinit .noinit.* .gnu.linkonce.n.*)
                [!provide]                        PROVIDE (__noinit_end = .)
                0x00800101                        _end = .
                [!provide]                        PROVIDE (__heap_start = .)
                0x00000000                        __flmap_init_label = DEFINED (__flmap_noinit_start)?__flmap_noinit_start:0x0
                0x00000000                        __flmap = DEFINED (__flmap)?__flmap:0x0

.eeprom         0x00810000        0x0
 *(.eeprom*)
                0x00810000                        __eeprom_end = .

.fuse
 *(.fuse)
 *(.lfuse)
 *(.hfuse)
 *(.efuse)

.lock
 *(.lock*)

.signature
 *(.signature*)

.stab
 *(.stab)

.stabstr
 *(.stabstr)

.stab.excl
 *(.stab.excl)

.stab.exclstr
 *(.stab.exclstr)

.stab.index
 *(.stab.index)

.stab.indexstr
 *(.stab.indexstr)

.comment        0x00000000       0x46
 *(.comment)
 .comment       0x00000000       0x46 adc.o
                                 0x24 (size before relaxing)
 .comment       0x00000046       0x24 main.o
 .comment       0x00000046       0x24 usart.o
 .comment       0x00000046       0x24 /usr/lib/gcc/avr/14.2.0/../../../../avr/lib/avr5/libc.a(dtostrf.o)
 .comment       0x00000046       0x24 /usr/lib/gcc/avr/14.2.0/../../../../avr/lib/avr5/libc.a(dtoa_prf.o)

.note.gnu.avr.deviceinfo
                0x00000000       0x40
 .note.gnu.avr.deviceinfo
                0x00000000       0x40 /usr/lib/gcc/avr/14.2.0/../../../../avr/lib/avr5/crtatmega328p.o

.gnu.build.attributes
 *(.gnu.build.attributes .gnu.build.attributes.*)

.note.gnu.build-id
 *(.note.gnu.build-id)

.debug
 *(.debug)

.line
 *(.line)

.debug_srcinfo
 *(.debug_srcinfo)

.debug_sfnames
 *(.debug_sfnames)

.debug_aranges  0x00000000      0x128
 *(.debug_aranges)
 .debug_aranges
                0x00000000       0x28 adc.o
 .debug_aranges
                0x00000028       0x20 main.o
 .debug_aranges
                0x00000048       0x40 usart.o
 .debug_aranges
                0x00000088       0x20 /usr/lib/gcc/avr/14.2.0/avr5/libgcc.a(_udivmodhi4.o)
 .debug_aranges
                0x000000a8       0x20 /usr/lib/gcc/avr/14.2.0/avr5/libgcc.a(_exit.o)
 .debug_aranges
                0x000000c8       0x20 /usr/lib/gcc/avr/14.2.0/avr5/libgcc.a(_clear_bss.o)
 .debug_aranges
                0x000000e8       0x20 /usr/lib/gcc/avr/14.2.0/avr5/libgcc.a(_prologue.o)
 .debug_aranges
                0x00000108       0x20 /usr/lib/gcc/avr/14.2.0/avr5/libgcc.a(_epilogue.o)

.debug_pubnames
 *(.debug_pubnames)

.debug_info     0x00000000      0xa89
 *(.debug_info .gnu.linkonce.wi.*)
 .debug_info    0x00000000      0x5f4 /usr/lib/gcc/avr/14.2.0/../../../../avr/lib/avr5/crtatmega328p.o
 .debug_info    0x000005f4      0x1a3 adc.o
 .debug_info    0x00000797       0xd8 main.o
 .debug_info    0x0000086f      0x166 usart.o
 .debug_info    0x000009d5       0x24 /usr/lib/gcc/avr/14.2.0/avr5/libgcc.a(_udivmodhi4.o)
 .debug_info    0x000009f9       0x24 /usr/lib/gcc/avr/14.2.0/avr5/libgcc.a(_exit.o)
 .debug_info    0x00000a1d       0x24 /usr/lib/gcc/avr/14.2.0/avr5/libgcc.a(_clear_bss.o)
 .debug_info    0x00000a41       0x24 /usr/lib/gcc/avr/14.2.0/avr5/libgcc.a(_prologue.o)
 .debug_info    0x00000a65       0x24 /usr/lib/gcc/avr/14.2.0/avr5/libgcc.a(_epilogue.o)

.debug_abbrev   0x00000000      0x8db
 *(.debug_abbrev)
 .debug_abbrev  0x00000000      0x5a2 /usr/lib/gcc/avr/14.2.0/../../../../avr/lib/avr5/crtatmega328p.o
 .debug_abbrev  0x000005a2      0x116 adc.o
 .debug_abbrev  0x000006b8       0xb8 main.o
 .debug_abbrev  0x00000770      0x107 usart.o
 .debug_abbrev  0x00000877       0x14 /usr/lib/gcc/avr/14.2.0/avr5/libgcc.a(_udivmodhi4.o)
 .debug_abbrev  0x0000088b       0x14 /usr/lib/gcc/avr/14.2.0/avr5/libgcc.a(_exit.o)
 .debug_abbrev  0x0000089f       0x14 /usr/lib/gcc/avr/14.2.0/avr5/libgcc.a(_clear_bss.o)
 .debug_abbrev  0x000008b3       0x14 /usr/lib/gcc/avr/14.2.0/avr5/libgcc.a(_prologue.o)
 .debug_abbrev  0x000008c7       0x14 /usr/lib/gcc/avr/14.2.0/avr5/libgcc.a(_epilogue.o)

.debug_line     0x00000000      0x7f2
 *(.debug_line .debug_line.* .debug_line_end)
 .debug_line    0x00000000       0x1d /usr/lib/gcc/avr/14.2.0/../../../../avr/lib/avr5/crtatmega328p.o
 .debug_line    0x0000001d      0x175 adc.o
 .debug_line    0x00000192       0xcc main.o
 .debug_line    0x0000025e      0x23d usart.o
 .debug_line    0x0000049b       0xbd /usr/lib/gcc/avr/14.2.0/avr5/libgcc.a(_udivmodhi4.o)
 .debug_line    0x00000558       0x51 /usr/lib/gcc/avr/14.2.0/avr5/libgcc.a(_exit.o)
 .debug_line    0x000005a9       0x75 /usr/lib/gcc/avr/14.2.0/avr5/libgcc.a(_clear_bss.o)
 .debug_line    0x0000061e       0xed /usr/lib/gcc/avr/14.2.0/avr5/libgcc.a(_prologue.o)
 .debug_line    0x0000070b       0xe7 /usr/lib/gcc/avr/14.2.0/avr5/libgcc.a(_epilogue.o)

.debug_frame    0x00000000      0x18c
 *(.debug_frame)
 .debug_frame   0x00000000       0xa8 adc.o
 .debug_frame   0x000000a8       0x24 main.o
 .debug_frame   0x000000cc       0xc0 usart.o

.debug_str      0x00000000      0x464
 *(.debug_str)
 .debug_str     0x00000000      0x208 /usr/lib/gcc/avr/14.2.0/../../../../avr/lib/avr5/crtatmega328p.o
 .debug_str     0x00000208      0x25c adc.o
                                0x1be (size before relaxing)
 .debug_str     0x00000464      0x171 main.o
 .debug_str     0x00000464      0x1a6 usart.o
 .debug_str     0x00000464       0x7e /usr/lib/gcc/avr/14.2.0/avr5/libgcc.a(_udivmodhi4.o)
 .debug_str     0x00000464       0x7e /usr/lib/gcc/avr/14.2.0/avr5/libgcc.a(_exit.o)
 .debug_str     0x00000464       0x7e /usr/lib/gcc/avr/14.2.0/avr5/libgcc.a(_clear_bss.o)
 .debug_str     0x00000464       0x7e /usr/lib/gcc/avr/14.2.0/avr5/libgcc.a(_prologue.o)
 .debug_str     0x00000464       0x7e /usr/lib/gcc/avr/14.2.0/avr5/libgcc.a(_epilogue.o)

.debug_loc
 *(.debug_loc)

.debug_macinfo
 *(.debug_macinfo)

.debug_weaknames
 *(.debug_weaknames)

.debug_funcnames
 *(.debug_funcnames)

.debug_typenames
 *(.debug_typenames)

.debug_varnames
 *(.debug_varnames)

.debug_pubtypes
 *(.debug_pubtypes)

.debug_ranges
 *(.debug_ranges)

.debug_addr
 *(.debug_addr)

.debug_line_str
                0x00000000       0xda
 *(.debug_line_str)
 .debug_line_str
                0x00000000       0xda adc.o
                                 0x6f (size before relaxing)
 .debug_line_str
                0x000000da       0x6f main.o
 .debug_line_str
                0x000000da       0x6d usart.o
 .debug_line_str
                0x000000da       0x72 /usr/lib/gcc/avr/14.2.0/avr5/libgcc.a(_udivmodhi4.o)
 .debug_line_str
                0x000000da       0x72 /usr/lib/gcc/avr/14.2.0/avr5/libgcc.a(_exit.o)
 .debug_line_str
                0x000000da       0x72 /usr/lib/gcc/avr/14.2.0/avr5/libgcc.a(_clear_bss.o)
 .debug_line_str
                0x000000da       0x72 /usr/lib/gcc/avr/14.2.0/avr5/libgcc.a(_prologue.o)
 .debug_line_str
                0x000000da       0x72 /usr/lib/gcc/avr/14.2.0/avr5/libgcc.a(_epilogue.o)

.debug_loclists
                0x00000000       0xf6
 *(.debug_loclists)
 .debug_loclists
                0x00000000       0x55 adc.o
 .debug_loclists
                0x00000055       0xa1 usart.o

.debug_macro
 *(.debug_macro)

.debug_names
 *(.debug_names)

.debug_rnglists
                0x00000000       0x58
 *(.debug_rnglists)
 .debug_rnglists
                0x00000000       0x1a adc.o
 .debug_rnglists
                0x0000001a       0x13 main.o
 .debug_rnglists
                0x0000002d       0x2b usart.o

.debug_str_offsets
 *(.debug_str_offsets)

.debug_sup
 *(.debug_sup)
OUTPUT(atmega328p.elf elf32-avr)
LOAD linker stubs
